// Jest Snapshot v1, https://goo.gl/fbAQLP

exports[`should render Navbar 1`] = `
ShallowWrapper {
  Symbol(enzyme.__root__): [Circular],
  Symbol(enzyme.__unrendered__): <Navbar />,
  Symbol(enzyme.__renderer__): Object {
    "batchedUpdates": [Function],
    "getNode": [Function],
    "render": [Function],
    "simulateEvent": [Function],
    "unmount": [Function],
  },
  Symbol(enzyme.__node__): Object {
    "instance": null,
    "key": undefined,
    "nodeType": "host",
    "props": Object {
      "children": Array [
        <NavLink
          activeClassName="active"
          aria-current="page"
          className="navbar--left link link__logo"
          to="/"
>
          <div
                    className="logo"
          >
                    MovieDB
          </div>
</NavLink>,
        <div
          className="navbar--center"
>
          <Searchbar
                    history={
                              Object {
                                        "action": "POP",
                                        "block": [Function],
                                        "createHref": [Function],
                                        "go": [Function],
                                        "goBack": [Function],
                                        "goForward": [Function],
                                        "length": 1,
                                        "listen": [Function],
                                        "location": Object {
                                          "hash": "",
                                          "pathname": "/",
                                          "search": "",
                                          "state": undefined,
                                        },
                                        "push": [Function],
                                        "replace": [Function],
                                      }
                    }
                    inputClass="navbar__searchbar"
          />
</div>,
        <div
          className="navbar--right links small-screen"
>
          <Dropdown />
</div>,
        <div
          className="navbar--right links medium-screen"
>
          <NavLink
                    activeClassName="selected"
                    aria-current="page"
                    className="link"
                    exact={true}
                    to="/"
          >
                    Home
          </NavLink>
          <NavLink
                    activeClassName="selected"
                    aria-current="page"
                    className="link"
                    to="/search"
          >
                    Search
          </NavLink>
          <NavLink
                    activeClassName="selected"
                    aria-current="page"
                    className="link"
                    to="/discover"
          >
                    Discover
          </NavLink>
</div>,
      ],
      "className": "navbar",
    },
    "ref": null,
    "rendered": Array [
      Object {
        "instance": null,
        "key": undefined,
        "nodeType": "function",
        "props": Object {
          "activeClassName": "active",
          "aria-current": "page",
          "children": <div
            className="logo"
>
            MovieDB
</div>,
          "className": "navbar--left link link__logo",
          "to": "/",
        },
        "ref": null,
        "rendered": Object {
          "instance": null,
          "key": undefined,
          "nodeType": "host",
          "props": Object {
            "children": "MovieDB",
            "className": "logo",
          },
          "ref": null,
          "rendered": "MovieDB",
          "type": "div",
        },
        "type": [Function],
      },
      Object {
        "instance": null,
        "key": undefined,
        "nodeType": "host",
        "props": Object {
          "children": <Searchbar
            history={
                        Object {
                                    "action": "POP",
                                    "block": [Function],
                                    "createHref": [Function],
                                    "go": [Function],
                                    "goBack": [Function],
                                    "goForward": [Function],
                                    "length": 1,
                                    "listen": [Function],
                                    "location": Object {
                                      "hash": "",
                                      "pathname": "/",
                                      "search": "",
                                      "state": undefined,
                                    },
                                    "push": [Function],
                                    "replace": [Function],
                                  }
            }
            inputClass="navbar__searchbar"
/>,
          "className": "navbar--center",
        },
        "ref": null,
        "rendered": Object {
          "instance": null,
          "key": undefined,
          "nodeType": "class",
          "props": Object {
            "history": Object {
              "action": "POP",
              "block": [Function],
              "createHref": [Function],
              "go": [Function],
              "goBack": [Function],
              "goForward": [Function],
              "length": 1,
              "listen": [Function],
              "location": Object {
                "hash": "",
                "pathname": "/",
                "search": "",
                "state": undefined,
              },
              "push": [Function],
              "replace": [Function],
            },
            "inputClass": "navbar__searchbar",
          },
          "ref": null,
          "rendered": null,
          "type": [Function],
        },
        "type": "div",
      },
      Object {
        "instance": null,
        "key": undefined,
        "nodeType": "host",
        "props": Object {
          "children": <Dropdown />,
          "className": "navbar--right links small-screen",
        },
        "ref": null,
        "rendered": Object {
          "instance": null,
          "key": undefined,
          "nodeType": "class",
          "props": Object {},
          "ref": null,
          "rendered": null,
          "type": [Function],
        },
        "type": "div",
      },
      Object {
        "instance": null,
        "key": undefined,
        "nodeType": "host",
        "props": Object {
          "children": Array [
            <NavLink
              activeClassName="selected"
              aria-current="page"
              className="link"
              exact={true}
              to="/"
>
              Home
</NavLink>,
            <NavLink
              activeClassName="selected"
              aria-current="page"
              className="link"
              to="/search"
>
              Search
</NavLink>,
            <NavLink
              activeClassName="selected"
              aria-current="page"
              className="link"
              to="/discover"
>
              Discover
</NavLink>,
          ],
          "className": "navbar--right links medium-screen",
        },
        "ref": null,
        "rendered": Array [
          Object {
            "instance": null,
            "key": undefined,
            "nodeType": "function",
            "props": Object {
              "activeClassName": "selected",
              "aria-current": "page",
              "children": "Home",
              "className": "link",
              "exact": true,
              "to": "/",
            },
            "ref": null,
            "rendered": "Home",
            "type": [Function],
          },
          Object {
            "instance": null,
            "key": undefined,
            "nodeType": "function",
            "props": Object {
              "activeClassName": "selected",
              "aria-current": "page",
              "children": "Search",
              "className": "link",
              "to": "/search",
            },
            "ref": null,
            "rendered": "Search",
            "type": [Function],
          },
          Object {
            "instance": null,
            "key": undefined,
            "nodeType": "function",
            "props": Object {
              "activeClassName": "selected",
              "aria-current": "page",
              "children": "Discover",
              "className": "link",
              "to": "/discover",
            },
            "ref": null,
            "rendered": "Discover",
            "type": [Function],
          },
        ],
        "type": "div",
      },
    ],
    "type": "div",
  },
  Symbol(enzyme.__nodes__): Array [
    Object {
      "instance": null,
      "key": undefined,
      "nodeType": "host",
      "props": Object {
        "children": Array [
          <NavLink
            activeClassName="active"
            aria-current="page"
            className="navbar--left link link__logo"
            to="/"
>
            <div
                        className="logo"
            >
                        MovieDB
            </div>
</NavLink>,
          <div
            className="navbar--center"
>
            <Searchbar
                        history={
                                    Object {
                                                "action": "POP",
                                                "block": [Function],
                                                "createHref": [Function],
                                                "go": [Function],
                                                "goBack": [Function],
                                                "goForward": [Function],
                                                "length": 1,
                                                "listen": [Function],
                                                "location": Object {
                                                  "hash": "",
                                                  "pathname": "/",
                                                  "search": "",
                                                  "state": undefined,
                                                },
                                                "push": [Function],
                                                "replace": [Function],
                                              }
                        }
                        inputClass="navbar__searchbar"
            />
</div>,
          <div
            className="navbar--right links small-screen"
>
            <Dropdown />
</div>,
          <div
            className="navbar--right links medium-screen"
>
            <NavLink
                        activeClassName="selected"
                        aria-current="page"
                        className="link"
                        exact={true}
                        to="/"
            >
                        Home
            </NavLink>
            <NavLink
                        activeClassName="selected"
                        aria-current="page"
                        className="link"
                        to="/search"
            >
                        Search
            </NavLink>
            <NavLink
                        activeClassName="selected"
                        aria-current="page"
                        className="link"
                        to="/discover"
            >
                        Discover
            </NavLink>
</div>,
        ],
        "className": "navbar",
      },
      "ref": null,
      "rendered": Array [
        Object {
          "instance": null,
          "key": undefined,
          "nodeType": "function",
          "props": Object {
            "activeClassName": "active",
            "aria-current": "page",
            "children": <div
              className="logo"
>
              MovieDB
</div>,
            "className": "navbar--left link link__logo",
            "to": "/",
          },
          "ref": null,
          "rendered": Object {
            "instance": null,
            "key": undefined,
            "nodeType": "host",
            "props": Object {
              "children": "MovieDB",
              "className": "logo",
            },
            "ref": null,
            "rendered": "MovieDB",
            "type": "div",
          },
          "type": [Function],
        },
        Object {
          "instance": null,
          "key": undefined,
          "nodeType": "host",
          "props": Object {
            "children": <Searchbar
              history={
                            Object {
                                          "action": "POP",
                                          "block": [Function],
                                          "createHref": [Function],
                                          "go": [Function],
                                          "goBack": [Function],
                                          "goForward": [Function],
                                          "length": 1,
                                          "listen": [Function],
                                          "location": Object {
                                            "hash": "",
                                            "pathname": "/",
                                            "search": "",
                                            "state": undefined,
                                          },
                                          "push": [Function],
                                          "replace": [Function],
                                        }
              }
              inputClass="navbar__searchbar"
/>,
            "className": "navbar--center",
          },
          "ref": null,
          "rendered": Object {
            "instance": null,
            "key": undefined,
            "nodeType": "class",
            "props": Object {
              "history": Object {
                "action": "POP",
                "block": [Function],
                "createHref": [Function],
                "go": [Function],
                "goBack": [Function],
                "goForward": [Function],
                "length": 1,
                "listen": [Function],
                "location": Object {
                  "hash": "",
                  "pathname": "/",
                  "search": "",
                  "state": undefined,
                },
                "push": [Function],
                "replace": [Function],
              },
              "inputClass": "navbar__searchbar",
            },
            "ref": null,
            "rendered": null,
            "type": [Function],
          },
          "type": "div",
        },
        Object {
          "instance": null,
          "key": undefined,
          "nodeType": "host",
          "props": Object {
            "children": <Dropdown />,
            "className": "navbar--right links small-screen",
          },
          "ref": null,
          "rendered": Object {
            "instance": null,
            "key": undefined,
            "nodeType": "class",
            "props": Object {},
            "ref": null,
            "rendered": null,
            "type": [Function],
          },
          "type": "div",
        },
        Object {
          "instance": null,
          "key": undefined,
          "nodeType": "host",
          "props": Object {
            "children": Array [
              <NavLink
                activeClassName="selected"
                aria-current="page"
                className="link"
                exact={true}
                to="/"
>
                Home
</NavLink>,
              <NavLink
                activeClassName="selected"
                aria-current="page"
                className="link"
                to="/search"
>
                Search
</NavLink>,
              <NavLink
                activeClassName="selected"
                aria-current="page"
                className="link"
                to="/discover"
>
                Discover
</NavLink>,
            ],
            "className": "navbar--right links medium-screen",
          },
          "ref": null,
          "rendered": Array [
            Object {
              "instance": null,
              "key": undefined,
              "nodeType": "function",
              "props": Object {
                "activeClassName": "selected",
                "aria-current": "page",
                "children": "Home",
                "className": "link",
                "exact": true,
                "to": "/",
              },
              "ref": null,
              "rendered": "Home",
              "type": [Function],
            },
            Object {
              "instance": null,
              "key": undefined,
              "nodeType": "function",
              "props": Object {
                "activeClassName": "selected",
                "aria-current": "page",
                "children": "Search",
                "className": "link",
                "to": "/search",
              },
              "ref": null,
              "rendered": "Search",
              "type": [Function],
            },
            Object {
              "instance": null,
              "key": undefined,
              "nodeType": "function",
              "props": Object {
                "activeClassName": "selected",
                "aria-current": "page",
                "children": "Discover",
                "className": "link",
                "to": "/discover",
              },
              "ref": null,
              "rendered": "Discover",
              "type": [Function],
            },
          ],
          "type": "div",
        },
      ],
      "type": "div",
    },
  ],
  Symbol(enzyme.__options__): Object {
    "adapter": ReactSixteenAdapter {
      "options": Object {
        "enableComponentDidUpdateOnSetState": true,
        "lifecycles": Object {
          "componentDidUpdate": Object {
            "onSetState": true,
          },
          "getSnapshotBeforeUpdate": true,
        },
      },
    },
    "attachTo": undefined,
    "hydrateIn": undefined,
  },
}
`;
